YR
YG
YB
YRY
YGR
YGB
YBY
YRG
YBG
YRGY
YBGR
YGBR
YBGB
YBRB
YRGR
YGYGR
YGBRY
YBYGY
YBRBY
YBGYB
YGYRYG
YGRBYB
YBRYRG
YRGYBR
YRGBGYG
YBYRGRB
YGRYRYR
YGBGBRBY
YRGRYGBY
YGYBYRBRG
YBYGRBGYGR
YBRYRYGBGYB
YGRGYRYRGRYG
YRBYGYGBYRBRY
YBGBYRYRGRGRGR
YRGYRYGYBRGRYRG
YBYRGYRBRYGRGRYG
YBRGRGYRYGRGYRYGY
YGRBGRYGYGYRGYGRBR
YRBRYBYBRBYGBYRYBYR
YBGYBGYBYGRBRGRYGRGR
YGRYGYGRBGRGYBGBYGRYR
YRYBGBGYRBGRYGYGRBRGYB
YRYGYRBYGRBYRBYRBGBGBGB
YRYRBRYBYRYRGYRYRBYBRBGB
YGBYRGRYBRBRYRYGYRGRYBRBG
YGRGRBRGBRBGBGRBGYGRGYGBYB
YBRYRYRGBGBYBYRBRBRGBGRBYRG
YRBYGRBYRBGRYBYGBRBRBYBRYBRG
YBYRBRYRGBGRGRGYBRYRGBRGBRYBY
